
> frontend@0.0.0 test
> vitest run --run


[1m[46m RUN [49m[22m [36mv4.0.18 [39m[90m/home/andys/Work/JobSearch/Portfolio/grpc-boundary-lab/frontend[39m

 [32m✓[39m src/utils/cn.test.ts [2m([22m[2m4 tests[22m[2m)[22m[32m 10[2mms[22m[39m
 [32m✓[39m src/hooks/useDashboard.test.ts [2m([22m[2m5 tests[22m[2m)[22m[32m 35[2mms[22m[39m
 [32m✓[39m src/core/services/api.test.ts [2m([22m[2m3 tests[22m[2m)[22m[32m 6[2mms[22m[39m
 [32m✓[39m src/components/ModeBadge.test.tsx [2m([22m[2m3 tests[22m[2m)[22m[32m 35[2mms[22m[39m
 [32m✓[39m src/components/layout/Sidebar.test.tsx [2m([22m[2m2 tests[22m[2m)[22m[32m 276[2mms[22m[39m
 [32m✓[39m src/App.test.tsx [2m([22m[2m1 test[22m[2m)[22m[32m 95[2mms[22m[39m
 [31m❯[39m src/pages/Dashboard.test.tsx [2m([22m[2m2 tests[22m[2m | [22m[31m1 failed[39m[2m)[22m[32m 88[2mms[22m[39m
[31m     [31m×[31m renders loading state[39m[32m 68[2mms[22m[39m
     [32m✓[39m renders error state[32m 18[2mms[22m[39m

[2m Test Files [22m [1m[31m1 failed[39m[22m[2m | [22m[1m[32m6 passed[39m[22m[90m (7)[39m
[2m      Tests [22m [1m[31m1 failed[39m[22m[2m | [22m[1m[32m19 passed[39m[22m[90m (20)[39m
[2m   Start at [22m 22:32:25
[2m   Duration [22m 1.39s[2m (transform 525ms, setup 901ms, import 1.35s, tests 544ms, environment 4.33s)[22m

